---
source: tests/insta_tests.rs
expression: results
---
[
    (
        (
            "1.0.0",
            "1.0.0",
        ),
        Equal,
    ),
    (
        (
            "1.0.0",
            "1.0.1",
        ),
        Less,
    ),
    (
        (
            "1.0.0",
            "1.0.0a1",
        ),
        Greater,
    ),
    (
        (
            "1.0.0",
            "1.0.0.post1",
        ),
        Less,
    ),
    (
        (
            "1.0.0a1",
            "1.0.0b1",
        ),
        Less,
    ),
    (
        (
            "1.0.0b1",
            "1.0.0rc1",
        ),
        Less,
    ),
]
